// Vitest Snapshot v1, https://vitest.dev/guide/snapshot.html

exports[`/calculators/av-depot > produces complete calculation output for standard inputs 1`] = `
{
  "finalCapital": {
    "avDepot": "615.070€",
    "normalDepot": "531.491€",
  },
  "firstPayoutYear": {
    "gross": {
      "avDepot": "214.481€",
      "normalDepot": "185.710€",
    },
    "net": {
      "avDepot": "161.706€",
      "normalDepot": "163.448€",
    },
    "tax": {
      "avDepot": "52.775€",
      "normalDepot": "22.263€",
    },
  },
  "payoutTotal": {
    "gross": {
      "avDepot": "723.799€",
      "normalDepot": "632.180€",
    },
    "net": {
      "avDepot": "586.653€",
      "normalDepot": "566.959€",
    },
    "tax": {
      "avDepot": "137.146€",
      "normalDepot": "65.221€",
    },
  },
  "regularPayoutYear": {
    "gross": {
      "avDepot": "29.960€",
      "normalDepot": "26.263€",
    },
    "net": {
      "avDepot": "24.997€",
      "normalDepot": "23.736€",
    },
    "tax": {
      "avDepot": "4.963€",
      "normalDepot": "2.527€",
    },
  },
  "savingsPerYear": [
    {
      "capitalEnd": {
        "avDepot": "5.540€",
        "normalDepot": "5.000€",
      },
      "capitalStart": {
        "avDepot": "0,00€",
        "normalDepot": "0,00€",
      },
      "contribution": {
        "avDepot": "5.540€",
        "normalDepot": "5.000€",
      },
      "grossReturn": {
        "avDepot": "0,00€",
        "normalDepot": "0,00€",
      },
      "vorabpauschale": {
        "avDepot": "0,00€",
        "normalDepot": "0,00€",
      },
      "vorabpauschaleTax": {
        "avDepot": "0,00€",
        "normalDepot": "0,00€",
      },
      "year": 1,
    },
    {
      "capitalEnd": {
        "avDepot": "11.729€",
        "normalDepot": "10.350€",
      },
      "capitalStart": {
        "avDepot": "5.540€",
        "normalDepot": "5.000€",
      },
      "contribution": {
        "avDepot": "5.812€",
        "normalDepot": "5.000€",
      },
      "grossReturn": {
        "avDepot": "376,72€",
        "normalDepot": "350,00€",
      },
      "vorabpauschale": {
        "avDepot": "0,00€",
        "normalDepot": "105,00€",
      },
      "vorabpauschaleTax": {
        "avDepot": "0,00€",
        "normalDepot": "0,00€",
      },
      "year": 2,
    },
    {
      "capitalEnd": {
        "avDepot": "18.339€",
        "normalDepot": "16.075€",
      },
      "capitalStart": {
        "avDepot": "11.729€",
        "normalDepot": "10.350€",
      },
      "contribution": {
        "avDepot": "5.812€",
        "normalDepot": "5.000€",
      },
      "grossReturn": {
        "avDepot": "798,10€",
        "normalDepot": "724,50€",
      },
      "vorabpauschale": {
        "avDepot": "5,71€",
        "normalDepot": "217,35€",
      },
      "vorabpauschaleTax": {
        "avDepot": "0,00€",
        "normalDepot": "0,00€",
      },
      "year": 3,
    },
    {
      "capitalEnd": {
        "avDepot": "25.399€",
        "normalDepot": "22.200€",
      },
      "capitalStart": {
        "avDepot": "18.339€",
        "normalDepot": "16.075€",
      },
      "contribution": {
        "avDepot": "5.812€",
        "normalDepot": "5.000€",
      },
      "grossReturn": {
        "avDepot": "1.248€",
        "normalDepot": "1.125€",
      },
      "vorabpauschale": {
        "avDepot": "11,82€",
        "normalDepot": "337,56€",
      },
      "vorabpauschaleTax": {
        "avDepot": "0,00€",
        "normalDepot": "0,00€",
      },
      "year": 4,
    },
    {
      "capitalEnd": {
        "avDepot": "32.940€",
        "normalDepot": "28.754€",
      },
      "capitalStart": {
        "avDepot": "25.399€",
        "normalDepot": "22.200€",
      },
      "contribution": {
        "avDepot": "5.812€",
        "normalDepot": "5.000€",
      },
      "grossReturn": {
        "avDepot": "1.729€",
        "normalDepot": "1.554€",
      },
      "vorabpauschale": {
        "avDepot": "18,36€",
        "normalDepot": "466,19€",
      },
      "vorabpauschaleTax": {
        "avDepot": "0,00€",
        "normalDepot": "0,00€",
      },
      "year": 5,
    },
    {
      "capitalEnd": {
        "avDepot": "40.994€",
        "normalDepot": "35.766€",
      },
      "capitalStart": {
        "avDepot": "32.940€",
        "normalDepot": "28.754€",
      },
      "contribution": {
        "avDepot": "5.812€",
        "normalDepot": "5.000€",
      },
      "grossReturn": {
        "avDepot": "2.242€",
        "normalDepot": "2.013€",
      },
      "vorabpauschale": {
        "avDepot": "25,36€",
        "normalDepot": "603,83€",
      },
      "vorabpauschaleTax": {
        "avDepot": "0,00€",
        "normalDepot": "0,00€",
      },
      "year": 6,
    },
    {
      "capitalEnd": {
        "avDepot": "49.597€",
        "normalDepot": "43.270€",
      },
      "capitalStart": {
        "avDepot": "40.994€",
        "normalDepot": "35.766€",
      },
      "contribution": {
        "avDepot": "5.812€",
        "normalDepot": "5.000€",
      },
      "grossReturn": {
        "avDepot": "2.791€",
        "normalDepot": "2.504€",
      },
      "vorabpauschale": {
        "avDepot": "32,85€",
        "normalDepot": "751,10€",
      },
      "vorabpauschaleTax": {
        "avDepot": "0,00€",
        "normalDepot": "0,00€",
      },
      "year": 7,
    },
    {
      "capitalEnd": {
        "avDepot": "58.785€",
        "normalDepot": "51.299€",
      },
      "capitalStart": {
        "avDepot": "49.597€",
        "normalDepot": "43.270€",
      },
      "contribution": {
        "avDepot": "5.812€",
        "normalDepot": "5.000€",
      },
      "grossReturn": {
        "avDepot": "3.376€",
        "normalDepot": "3.029€",
      },
      "vorabpauschale": {
        "avDepot": "40,86€",
        "normalDepot": "908,67€",
      },
      "vorabpauschaleTax": {
        "avDepot": "0,00€",
        "normalDepot": "0,00€",
      },
      "year": 8,
    },
    {
      "capitalEnd": {
        "avDepot": "68.600€",
        "normalDepot": "59.890€",
      },
      "capitalStart": {
        "avDepot": "58.785€",
        "normalDepot": "51.299€",
      },
      "contribution": {
        "avDepot": "5.812€",
        "normalDepot": "5.000€",
      },
      "grossReturn": {
        "avDepot": "4.002€",
        "normalDepot": "3.591€",
      },
      "vorabpauschale": {
        "avDepot": "49,43€",
        "normalDepot": "1.077€",
      },
      "vorabpauschaleTax": {
        "avDepot": "0,00€",
        "normalDepot": "0,00€",
      },
      "year": 9,
    },
    {
      "capitalEnd": {
        "avDepot": "79.082€",
        "normalDepot": "69.082€",
      },
      "capitalStart": {
        "avDepot": "68.600€",
        "normalDepot": "59.890€",
      },
      "contribution": {
        "avDepot": "5.812€",
        "normalDepot": "5.000€",
      },
      "grossReturn": {
        "avDepot": "4.670€",
        "normalDepot": "4.192€",
      },
      "vorabpauschale": {
        "avDepot": "58,60€",
        "normalDepot": "1.258€",
      },
      "vorabpauschaleTax": {
        "avDepot": "0,00€",
        "normalDepot": "0,00€",
      },
      "year": 10,
    },
    {
      "capitalEnd": {
        "avDepot": "90.278€",
        "normalDepot": "78.918€",
      },
      "capitalStart": {
        "avDepot": "79.082€",
        "normalDepot": "69.082€",
      },
      "contribution": {
        "avDepot": "5.812€",
        "normalDepot": "5.000€",
      },
      "grossReturn": {
        "avDepot": "5.384€",
        "normalDepot": "4.836€",
      },
      "vorabpauschale": {
        "avDepot": "68,42€",
        "normalDepot": "1.451€",
      },
      "vorabpauschaleTax": {
        "avDepot": "0,00€",
        "normalDepot": "0,00€",
      },
      "year": 11,
    },
    {
      "capitalEnd": {
        "avDepot": "102.236€",
        "normalDepot": "89.438€",
      },
      "capitalStart": {
        "avDepot": "90.278€",
        "normalDepot": "78.918€",
      },
      "contribution": {
        "avDepot": "5.812€",
        "normalDepot": "5.000€",
      },
      "grossReturn": {
        "avDepot": "6.146€",
        "normalDepot": "5.524€",
      },
      "vorabpauschale": {
        "avDepot": "78,92€",
        "normalDepot": "1.657€",
      },
      "vorabpauschaleTax": {
        "avDepot": "0,00€",
        "normalDepot": "4,09€",
      },
      "year": 12,
    },
    {
      "capitalEnd": {
        "avDepot": "115.009€",
        "normalDepot": "100.657€",
      },
      "capitalStart": {
        "avDepot": "102.236€",
        "normalDepot": "89.438€",
      },
      "contribution": {
        "avDepot": "5.812€",
        "normalDepot": "5.000€",
      },
      "grossReturn": {
        "avDepot": "6.961€",
        "normalDepot": "6.261€",
      },
      "vorabpauschale": {
        "avDepot": "90,16€",
        "normalDepot": "1.878€",
      },
      "vorabpauschaleTax": {
        "avDepot": "0,00€",
        "normalDepot": "42,22€",
      },
      "year": 13,
    },
    {
      "capitalEnd": {
        "avDepot": "128.651€",
        "normalDepot": "112.620€",
      },
      "capitalStart": {
        "avDepot": "115.009€",
        "normalDepot": "100.657€",
      },
      "contribution": {
        "avDepot": "5.812€",
        "normalDepot": "5.000€",
      },
      "grossReturn": {
        "avDepot": "7.830€",
        "normalDepot": "7.046€",
      },
      "vorabpauschale": {
        "avDepot": "102,18€",
        "normalDepot": "2.114€",
      },
      "vorabpauschaleTax": {
        "avDepot": "0,00€",
        "normalDepot": "83,01€",
      },
      "year": 14,
    },
    {
      "capitalEnd": {
        "avDepot": "143.223€",
        "normalDepot": "125.376€",
      },
      "capitalStart": {
        "avDepot": "128.651€",
        "normalDepot": "112.620€",
      },
      "contribution": {
        "avDepot": "5.812€",
        "normalDepot": "5.000€",
      },
      "grossReturn": {
        "avDepot": "8.759€",
        "normalDepot": "7.883€",
      },
      "vorabpauschale": {
        "avDepot": "115,04€",
        "normalDepot": "2.365€",
      },
      "vorabpauschaleTax": {
        "avDepot": "0,00€",
        "normalDepot": "126,51€",
      },
      "year": 15,
    },
    {
      "capitalEnd": {
        "avDepot": "158.786€",
        "normalDepot": "138.980€",
      },
      "capitalStart": {
        "avDepot": "143.223€",
        "normalDepot": "125.376€",
      },
      "contribution": {
        "avDepot": "5.812€",
        "normalDepot": "5.000€",
      },
      "grossReturn": {
        "avDepot": "9.751€",
        "normalDepot": "8.776€",
      },
      "vorabpauschale": {
        "avDepot": "128,81€",
        "normalDepot": "2.633€",
      },
      "vorabpauschaleTax": {
        "avDepot": "0,00€",
        "normalDepot": "172,89€",
      },
      "year": 16,
    },
    {
      "capitalEnd": {
        "avDepot": "175.409€",
        "normalDepot": "153.486€",
      },
      "capitalStart": {
        "avDepot": "158.786€",
        "normalDepot": "138.980€",
      },
      "contribution": {
        "avDepot": "5.812€",
        "normalDepot": "5.000€",
      },
      "grossReturn": {
        "avDepot": "10.811€",
        "normalDepot": "9.729€",
      },
      "vorabpauschale": {
        "avDepot": "143,54€",
        "normalDepot": "2.919€",
      },
      "vorabpauschaleTax": {
        "avDepot": "0,00€",
        "normalDepot": "222,35€",
      },
      "year": 17,
    },
    {
      "capitalEnd": {
        "avDepot": "193.164€",
        "normalDepot": "168.955€",
      },
      "capitalStart": {
        "avDepot": "175.409€",
        "normalDepot": "153.486€",
      },
      "contribution": {
        "avDepot": "5.812€",
        "normalDepot": "5.000€",
      },
      "grossReturn": {
        "avDepot": "11.943€",
        "normalDepot": "10.744€",
      },
      "vorabpauschale": {
        "avDepot": "159,30€",
        "normalDepot": "3.223€",
      },
      "vorabpauschaleTax": {
        "avDepot": "0,00€",
        "normalDepot": "275,09€",
      },
      "year": 18,
    },
    {
      "capitalEnd": {
        "avDepot": "212.128€",
        "normalDepot": "185.451€",
      },
      "capitalStart": {
        "avDepot": "193.164€",
        "normalDepot": "168.955€",
      },
      "contribution": {
        "avDepot": "5.812€",
        "normalDepot": "5.000€",
      },
      "grossReturn": {
        "avDepot": "13.152€",
        "normalDepot": "11.827€",
      },
      "vorabpauschale": {
        "avDepot": "176,16€",
        "normalDepot": "3.548€",
      },
      "vorabpauschaleTax": {
        "avDepot": "0,00€",
        "normalDepot": "331,33€",
      },
      "year": 19,
    },
    {
      "capitalEnd": {
        "avDepot": "232.383€",
        "normalDepot": "203.041€",
      },
      "capitalStart": {
        "avDepot": "212.128€",
        "normalDepot": "185.451€",
      },
      "contribution": {
        "avDepot": "5.812€",
        "normalDepot": "5.000€",
      },
      "grossReturn": {
        "avDepot": "14.443€",
        "normalDepot": "12.982€",
      },
      "vorabpauschale": {
        "avDepot": "194,20€",
        "normalDepot": "3.894€",
      },
      "vorabpauschaleTax": {
        "avDepot": "0,00€",
        "normalDepot": "391,31€",
      },
      "year": 20,
    },
    {
      "capitalEnd": {
        "avDepot": "254.018€",
        "normalDepot": "221.798€",
      },
      "capitalStart": {
        "avDepot": "232.383€",
        "normalDepot": "203.041€",
      },
      "contribution": {
        "avDepot": "5.812€",
        "normalDepot": "5.000€",
      },
      "grossReturn": {
        "avDepot": "15.822€",
        "normalDepot": "14.213€",
      },
      "vorabpauschale": {
        "avDepot": "213,51€",
        "normalDepot": "4.264€",
      },
      "vorabpauschaleTax": {
        "avDepot": "0,00€",
        "normalDepot": "455,27€",
      },
      "year": 21,
    },
    {
      "capitalEnd": {
        "avDepot": "277.125€",
        "normalDepot": "241.801€",
      },
      "capitalStart": {
        "avDepot": "254.018€",
        "normalDepot": "221.798€",
      },
      "contribution": {
        "avDepot": "5.812€",
        "normalDepot": "5.000€",
      },
      "grossReturn": {
        "avDepot": "17.296€",
        "normalDepot": "15.526€",
      },
      "vorabpauschale": {
        "avDepot": "234,17€",
        "normalDepot": "4.658€",
      },
      "vorabpauschaleTax": {
        "avDepot": "0,00€",
        "normalDepot": "523,46€",
      },
      "year": 22,
    },
    {
      "capitalEnd": {
        "avDepot": "301.806€",
        "normalDepot": "263.131€",
      },
      "capitalStart": {
        "avDepot": "277.125€",
        "normalDepot": "241.801€",
      },
      "contribution": {
        "avDepot": "5.812€",
        "normalDepot": "5.000€",
      },
      "grossReturn": {
        "avDepot": "18.869€",
        "normalDepot": "16.926€",
      },
      "vorabpauschale": {
        "avDepot": "256,27€",
        "normalDepot": "5.078€",
      },
      "vorabpauschaleTax": {
        "avDepot": "0,00€",
        "normalDepot": "596,19€",
      },
      "year": 23,
    },
    {
      "capitalEnd": {
        "avDepot": "328.168€",
        "normalDepot": "285.876€",
      },
      "capitalStart": {
        "avDepot": "301.806€",
        "normalDepot": "263.131€",
      },
      "contribution": {
        "avDepot": "5.812€",
        "normalDepot": "5.000€",
      },
      "grossReturn": {
        "avDepot": "20.549€",
        "normalDepot": "18.419€",
      },
      "vorabpauschale": {
        "avDepot": "279,92€",
        "normalDepot": "5.526€",
      },
      "vorabpauschaleTax": {
        "avDepot": "0,00€",
        "normalDepot": "673,74€",
      },
      "year": 24,
    },
    {
      "capitalEnd": {
        "avDepot": "356.324€",
        "normalDepot": "310.131€",
      },
      "capitalStart": {
        "avDepot": "328.168€",
        "normalDepot": "285.876€",
      },
      "contribution": {
        "avDepot": "5.812€",
        "normalDepot": "5.000€",
      },
      "grossReturn": {
        "avDepot": "22.344€",
        "normalDepot": "20.011€",
      },
      "vorabpauschale": {
        "avDepot": "305,23€",
        "normalDepot": "6.003€",
      },
      "vorabpauschaleTax": {
        "avDepot": "0,00€",
        "normalDepot": "756,44€",
      },
      "year": 25,
    },
    {
      "capitalEnd": {
        "avDepot": "386.398€",
        "normalDepot": "335.996€",
      },
      "capitalStart": {
        "avDepot": "356.324€",
        "normalDepot": "310.131€",
      },
      "contribution": {
        "avDepot": "5.812€",
        "normalDepot": "5.000€",
      },
      "grossReturn": {
        "avDepot": "24.262€",
        "normalDepot": "21.709€",
      },
      "vorabpauschale": {
        "avDepot": "332,31€",
        "normalDepot": "6.513€",
      },
      "vorabpauschaleTax": {
        "avDepot": "0,00€",
        "normalDepot": "844,63€",
      },
      "year": 26,
    },
    {
      "capitalEnd": {
        "avDepot": "418.519€",
        "normalDepot": "363.577€",
      },
      "capitalStart": {
        "avDepot": "386.398€",
        "normalDepot": "335.996€",
      },
      "contribution": {
        "avDepot": "5.812€",
        "normalDepot": "5.000€",
      },
      "grossReturn": {
        "avDepot": "26.309€",
        "normalDepot": "23.520€",
      },
      "vorabpauschale": {
        "avDepot": "361,28€",
        "normalDepot": "7.056€",
      },
      "vorabpauschaleTax": {
        "avDepot": "0,00€",
        "normalDepot": "938,67€",
      },
      "year": 27,
    },
    {
      "capitalEnd": {
        "avDepot": "452.828€",
        "normalDepot": "392.988€",
      },
      "capitalStart": {
        "avDepot": "418.519€",
        "normalDepot": "363.577€",
      },
      "contribution": {
        "avDepot": "5.812€",
        "normalDepot": "5.000€",
      },
      "grossReturn": {
        "avDepot": "28.497€",
        "normalDepot": "25.450€",
      },
      "vorabpauschale": {
        "avDepot": "392,28€",
        "normalDepot": "7.635€",
      },
      "vorabpauschaleTax": {
        "avDepot": "0,00€",
        "normalDepot": "1.039€",
      },
      "year": 28,
    },
    {
      "capitalEnd": {
        "avDepot": "489.473€",
        "normalDepot": "424.351€",
      },
      "capitalStart": {
        "avDepot": "452.828€",
        "normalDepot": "392.988€",
      },
      "contribution": {
        "avDepot": "5.812€",
        "normalDepot": "5.000€",
      },
      "grossReturn": {
        "avDepot": "30.833€",
        "normalDepot": "27.509€",
      },
      "vorabpauschale": {
        "avDepot": "425,45€",
        "normalDepot": "8.253€",
      },
      "vorabpauschaleTax": {
        "avDepot": "0,00€",
        "normalDepot": "1.146€",
      },
      "year": 29,
    },
    {
      "capitalEnd": {
        "avDepot": "528.613€",
        "normalDepot": "457.796€",
      },
      "capitalStart": {
        "avDepot": "489.473€",
        "normalDepot": "424.351€",
      },
      "contribution": {
        "avDepot": "5.812€",
        "normalDepot": "5.000€",
      },
      "grossReturn": {
        "avDepot": "33.328€",
        "normalDepot": "29.705€",
      },
      "vorabpauschale": {
        "avDepot": "460,95€",
        "normalDepot": "8.911€",
      },
      "vorabpauschaleTax": {
        "avDepot": "0,00€",
        "normalDepot": "1.260€",
      },
      "year": 30,
    },
    {
      "capitalEnd": {
        "avDepot": "570.418€",
        "normalDepot": "493.460€",
      },
      "capitalStart": {
        "avDepot": "528.613€",
        "normalDepot": "457.796€",
      },
      "contribution": {
        "avDepot": "5.812€",
        "normalDepot": "5.000€",
      },
      "grossReturn": {
        "avDepot": "35.993€",
        "normalDepot": "32.046€",
      },
      "vorabpauschale": {
        "avDepot": "498,92€",
        "normalDepot": "9.614€",
      },
      "vorabpauschaleTax": {
        "avDepot": "0,00€",
        "normalDepot": "1.382€",
      },
      "year": 31,
    },
    {
      "capitalEnd": {
        "avDepot": "615.070€",
        "normalDepot": "531.491€",
      },
      "capitalStart": {
        "avDepot": "570.418€",
        "normalDepot": "493.460€",
      },
      "contribution": {
        "avDepot": "5.812€",
        "normalDepot": "5.000€",
      },
      "grossReturn": {
        "avDepot": "38.840€",
        "normalDepot": "34.542€",
      },
      "vorabpauschale": {
        "avDepot": "539,56€",
        "normalDepot": "10.363€",
      },
      "vorabpauschaleTax": {
        "avDepot": "0,00€",
        "normalDepot": "1.511€",
      },
      "year": 32,
    },
  ],
  "totalContributions": {
    "avDepot": "160.000€",
    "normalDepot": "160.000€",
  },
  "totalVorabpauschale": {
    "avDepot": "5.800€",
    "normalDepot": "115.280€",
  },
}
`;
