// Vitest Snapshot v1, https://vitest.dev/guide/snapshot.html

exports[`calculators/income-tax > calculates ESt, Soli, and rates for 2024 Grundtarif at ZVE 80,000 1`] = `
{
  "incomeTax": {
    "amount": 22963,
    "averageRate": 0.287,
    "marginalRate": 0.42,
  },
  "solidaritySurcharge": {
    "amount": 575.12,
    "averageRate": 0.0072,
  },
  "total": {
    "amount": 23538.12,
    "averageRate": 0.2942,
  },
}
`;

exports[`calculators/income-tax > calculates ESt, Soli, and rates for 2026 Grundtarif at ZVE 45,000 (zone 2, no Soli) 1`] = `
{
  "incomeTax": {
    "amount": 8835,
    "averageRate": 0.1963,
    "marginalRate": 0.34,
  },
  "solidaritySurcharge": {
    "amount": 0,
    "averageRate": 0,
  },
  "total": {
    "amount": 8835,
    "averageRate": 0.1963,
  },
}
`;

exports[`calculators/income-tax > calculates ESt, Soli, and rates for 2026 Grundtarif at ZVE 80,000 1`] = `
{
  "incomeTax": {
    "amount": 22464,
    "averageRate": 0.2808,
    "marginalRate": 0.42,
  },
  "solidaritySurcharge": {
    "amount": 251.56,
    "averageRate": 0.0031,
  },
  "total": {
    "amount": 22715.56,
    "averageRate": 0.2839,
  },
}
`;

exports[`calculators/income-tax > calculates ESt, Soli, and rates for 2026 Splittingverfahren at ZVE 200,000 (Soli applies) 1`] = `
{
  "incomeTax": {
    "amount": 61728,
    "averageRate": 0.3086,
    "marginalRate": 0.42,
  },
  "solidaritySurcharge": {
    "amount": 2502.33,
    "averageRate": 0.0125,
  },
  "total": {
    "amount": 64230.33,
    "averageRate": 0.3212,
  },
}
`;
