// Vitest Snapshot v1, https://vitest.dev/guide/snapshot.html

exports[`calculators/net-policy > has correct table data 1`] = `
{
  "gain": {
    "etf": "203.774",
    "policy": "270.955",
  },
  "gross": {
    "etf": "141.642",
    "policy": "115.156",
  },
  "grossWorth": {
    "etf": "385.385",
    "policy": "375.955",
  },
  "netWorth": {
    "etf": "348.027",
    "policy": "336.744",
  },
  "tax": {
    "etf": "37.358",
    "policy": "39.211",
  },
  "totalPayments": {
    "etf": "105.299",
    "policy": "105.000",
  },
}
`;
